-- Executable name: Executable
-- Executable sources: main.cc
-- -Wall-Wextra-Wpedantic
-- Configuring done
-- Generating done
-- Build files have been written to: /mnt/c/Users/jande/OneDrive/Code/OrderBookSimulator/build
Consolidate compiler generated dependencies of target Library
[ 50%] Built target Library
Consolidate compiler generated dependencies of target Executable
[100%] Built target Executable
